// Jest Snapshot v1, https://goo.gl/fbAQLP

exports[`test <PortfolioCard> should render correctly 1`] = `"<div class=\\"portfolio-card\\" role=\\"portfolio-card\\" style=\\"background-image: url(http://sampleUrl);\\"><div class=\\"absolute bottom-0 p-2 text-gray-200\\" style=\\"z-index: 10;\\"><div class=\\"text-sm font-bold\\">name</div><div class=\\"text-xs\\">description</div></div></div>"`;
